======================================================================
ENDPOINT VERIFICATION TEST
======================================================================

Test file: data/ielts_part_2/ielts7.wav
File size: 16.78 MB

======================================================================
TEST 1: Full Analysis (/analyze)
======================================================================
2026-01-23 17:23:35 | speech_analysis | INFO | Starting analysis for: data/ielts_part_2/ielts7.wav
2026-01-23 17:23:35 | speech_analysis | INFO | Loaded 17593422 bytes from ielts7.wav
2026-01-23 17:23:35 | speech_analysis | INFO | run_engine called with 17593422 bytes, filename: ielts7.wav
2026-01-23 17:23:35 | speech_analysis | INFO | Audio saved to temp file: C:\Users\PC\AppData\Local\Temp\tmpq83zz_pp.wav
2026-01-23 17:23:35 | speech_analysis | INFO | Starting analysis with context='ielts', use_llm=True
2026-01-23 17:23:35 | speech_analysis | INFO | Starting comprehensive analysis for: C:\Users\PC\AppData\Local\Temp\tmpq83zz_pp.wav
2026-01-23 17:23:35 | speech_analysis | INFO | Context: ielts | IELTS Speaking Test
2026-01-23 17:23:35 | speech_analysis | INFO | Stage 1: Running raw audio analysis...
uv : Some weights of Wav2Vec2ForCTC were not initialized from the model checkpoint at facebook/wav2vec2-large-960h and are newly 
initialized: ['wav2vec2.masked_spec_embed']
At line:1 char:1
+ uv run python test_both_endpoints.py 2>&1 > test_output.txt; cat test ...
+ ~~~~~~~~~~~~~~~~~~~~~~~~~~~~~~~~~~~~~~~~~~~~~~~~~~~~~~~~~~~
    + CategoryInfo          : NotSpecified: (Some weights of...ed_spec_embed']:String) [], RemoteException
    + FullyQualifiedErrorId : NativeCommandError
 
You should probably TRAIN this model on a down-stream task to be able to use it for predictions and inference.
Analyzing audio: C:\Users\PC\AppData\Local\Temp\tmpq83zz_pp.wav
Context: ielts

[1/5] Transcribing with Whisper (verbatim)...
Prosody Variation (F0 std): 58.84 Hz
Monotone Detected: False
  Duration: 86.48s
  Words: 160

[2/5] Marking filler words...
  Marked: 3 filler words
  Content words: 157

[3/5] Aligning words with WhisperX...
2026-01-23 17:23:54 | speech_analysis | INFO | Loaded audio: 91.63s at 16000Hz
2026-01-23 17:23:55 | speech_analysis | INFO | Loaded WhisperX alignment model for en
Some weights of Wav2Vec2ForCTC were not initialized from the model checkpoint at facebook/wav2vec2-large-960h and are newly initialized: 
['wav2vec2.masked_spec_embed']
You should probably TRAIN this model on a down-stream task to be able to use it for predictions and inference.
  Aligned: 156 words
  Updated confidence for 135 words from WhisperX

[4/5] Detecting subtle fillers with Wav2Vec2...
  Total events: 16
  Transcript: So, since the question was about, uh, describing someone outside of family who is a good parent. So I would like to talk about my sister -in -law and also my brother. Um, so yesterday I came to hookoka and we were on the plane together and the baby was, um, keep crying on the plane for the whole time. So I think it was really distracting for other people. But my sister -in -law was really calm with the baby and she never got mad at the baby even though she was, you know, whining and she was keep crying and screaming. But I really thought she was a really calm person and I really respect her anyway because if I was the mother, I would get married to a baby once it gets too long. The crying gets too long. So, yeah. I think... Yeah, that's all. Okay, if you're in that situation, how long do you think

[5/5] Calculating raw score...
2026-01-23 17:24:14 | speech_analysis | INFO | Stage 2: Building analysis report...
2026-01-23 17:24:14 | speech_analysis | INFO | [METRICS_DEBUG] WPM=108.93 | VocabRich=0.586 | LexDens=0.487 | MeanUtterLen=8.89 | MeanConf=0.845 | LowConfRatio=0.231
2026-01-23 17:24:14 | speech_analysis | INFO | Stage 3: Scoring IELTS bands...
2026-01-23 17:24:14 | speech_analysis | INFO | Extracting LLM annotations (context: conversational, metadata: None)
2026-01-23 17:24:24 | speech_analysis | INFO | LLM annotation extraction successful
2026-01-23 17:24:24 | speech_analysis | INFO | LLM scoring successful
2026-01-23 17:24:24 | speech_analysis | INFO | [BAND_SCORES_DEBUG] Fluency=7.0 | Pron=7.5 | Lex=6.0 | Gram=6.0 | Overall=6.5
2026-01-23 17:24:24 | speech_analysis | INFO | Stage 4: Running LLM annotation analysis...
2026-01-23 17:24:24 | speech_analysis | INFO | Extracting LLM annotations (context: ielts, metadata: {})
2026-01-23 17:24:30 | speech_analysis | INFO | LLM annotation extraction successful
2026-01-23 17:24:30 | speech_analysis | INFO | [OK] LLM analysis complete
2026-01-23 17:24:30 | speech_analysis | INFO | Finalizing report...
2026-01-23 17:24:30 | speech_analysis | WARNING | Could not generate timestamped feedback: name 'word_timestamps' is not defined
2026-01-23 17:24:30 | speech_analysis | INFO | [OK] Analysis complete
2026-01-23 17:24:30 | speech_analysis | INFO | [OK] Analysis complete
2026-01-23 17:24:30 | speech_analysis | INFO | Analysis completed successfully for data/ielts_part_2/ielts7.wav
Traceback (most recent call last):
  File "D:\Work\Projects\AI\speech-analysis\test_both_endpoints.py", line 47, in test_endpoints
    print(f"\u2713 Full analysis completed in {time_full:.2f}s")
  File "C:\Users\PC\AppData\Local\Programs\Python\Python311\Lib\encodings\cp1252.py", line 19, in encode
    return codecs.charmap_encode(input,self.errors,encoding_table)[0]
           ^^^^^^^^^^^^^^^^^^^^^^^^^^^^^^^^^^^^^^^^^^^^^^^^^^^^^^^
UnicodeEncodeError: 'charmap' codec can't encode character '\u2713' in position 0: character maps to <undefined>

During handling of the above exception, another exception occurred:

Traceback (most recent call last):
  File "D:\Work\Projects\AI\speech-analysis\test_both_endpoints.py", line 188, in <module>
    success = asyncio.run(test_endpoints())
              ^^^^^^^^^^^^^^^^^^^^^^^^^^^^^
  File "C:\Users\PC\AppData\Local\Programs\Python\Python311\Lib\asyncio\runners.py", line 190, in run
    return runner.run(main)
           ^^^^^^^^^^^^^^^^
  File "C:\Users\PC\AppData\Local\Programs\Python\Python311\Lib\asyncio\runners.py", line 118, in run
    return self._loop.run_until_complete(task)
           ^^^^^^^^^^^^^^^^^^^^^^^^^^^^^^^^^^^
  File "C:\Users\PC\AppData\Local\Programs\Python\Python311\Lib\asyncio\base_events.py", line 653, in run_until_complete
    return future.result()
           ^^^^^^^^^^^^^^^
  File "D:\Work\Projects\AI\speech-analysis\test_both_endpoints.py", line 61, in test_endpoints
    print(f"\u274c Full analysis failed: {e}")
  File "C:\Users\PC\AppData\Local\Programs\Python\Python311\Lib\encodings\cp1252.py", line 19, in encode
    return codecs.charmap_encode(input,self.errors,encoding_table)[0]
           ^^^^^^^^^^^^^^^^^^^^^^^^^^^^^^^^^^^^^^^^^^^^^^^^^^^^^^^
UnicodeEncodeError: 'charmap' codec can't encode character '\u274c' in position 0: character maps to <undefined>
